

================================================================
== Vivado HLS Report for 'tremolo_calculation'
================================================================
* Date:           Mon Apr 29 03:57:14 2019

* Version:        2017.2 (Build 1909853 on Thu Jun 15 18:55:24 MDT 2017)
* Project:        trem
* Solution:       solution1
* Product family: zynq
* Target device:  xc7z100ffg900-1


================================================================
== Performance Estimates
================================================================
+ Timing (ns): 
    * Summary: 
    +--------+-------+----------+------------+
    |  Clock | Target| Estimated| Uncertainty|
    +--------+-------+----------+------------+
    |ap_clk  |  10.00|      7.26|        1.25|
    +--------+-------+----------+------------+

+ Latency (clock cycles): 
    * Summary: 
    +-----+-----+-----+-----+---------+
    |  Latency  |  Interval | Pipeline|
    | min | max | min | max |   Type  |
    +-----+-----+-----+-----+---------+
    |   30|   30|   30|   30|   none  |
    +-----+-----+-----+-----+---------+

    + Detail: 
        * Instance: 
        N/A

        * Loop: 
        N/A



================================================================
== Utilization Estimates
================================================================
* Summary: 
+-----------------+---------+-------+--------+--------+
|       Name      | BRAM_18K| DSP48E|   FF   |   LUT  |
+-----------------+---------+-------+--------+--------+
|DSP              |        -|      -|       -|       -|
|Expression       |        -|      -|      53|      39|
|FIFO             |        -|      -|       -|       -|
|Instance         |        -|      5|    1449|    2259|
|Memory           |        -|      -|       -|       -|
|Multiplexer      |        -|      -|       -|     172|
|Register         |        -|      -|     191|       -|
+-----------------+---------+-------+--------+--------+
|Total            |        0|      5|    1693|    2470|
+-----------------+---------+-------+--------+--------+
|Available        |     1510|   2020|  554800|  277400|
+-----------------+---------+-------+--------+--------+
|Utilization (%)  |        0|   ~0  |   ~0   |   ~0   |
+-----------------+---------+-------+--------+--------+

+ Detail: 
    * Instance: 
    +-------------------------+----------------------+---------+-------+-----+-----+
    |         Instance        |        Module        | BRAM_18K| DSP48E|  FF | LUT |
    +-------------------------+----------------------+---------+-------+-----+-----+
    |trem_fadd_32ns_32bkb_U2  |trem_fadd_32ns_32bkb  |        0|      2|  205|  390|
    |trem_fdiv_32ns_32dEe_U4  |trem_fdiv_32ns_32dEe  |        0|      0|  761|  994|
    |trem_fmul_32ns_32cud_U3  |trem_fmul_32ns_32cud  |        0|      3|  143|  321|
    |trem_sitofp_32s_3eOg_U5  |trem_sitofp_32s_3eOg  |        0|      0|  340|  554|
    +-------------------------+----------------------+---------+-------+-----+-----+
    |Total                    |                      |        0|      5| 1449| 2259|
    +-------------------------+----------------------+---------+-------+-----+-----+

    * DSP48: 
    N/A

    * Memory: 
    N/A

    * FIFO: 
    N/A

    * Expression: 
    +------------------+----------+-------+----+----+------------+------------+
    |   Variable Name  | Operation| DSP48E| FF | LUT| Bitwidth P0| Bitwidth P1|
    +------------------+----------+-------+----+----+------------+------------+
    |tmp_2_i_fu_69_p2  |     +    |      0|  53|  21|          16|          16|
    |tmp_3_i_fu_80_p2  |   icmp   |      0|   0|   8|          16|          12|
    |tmp_4_i_fu_86_p2  |   icmp   |      0|   0|   8|          16|           1|
    |ap_block_state1   |    or    |      0|   0|   2|           1|           1|
    +------------------+----------+-------+----+----+------------+------------+
    |Total             |          |      0|  53|  39|          49|          30|
    +------------------+----------+-------+----+----+------------+------------+

    * Multiplexer: 
    +-----------+-----+-----------+-----+-----------+
    |    Name   | LUT | Input Size| Bits| Total Bits|
    +-----------+-----+-----------+-----+-----------+
    |ap_NS_fsm  |  145|         32|    1|         32|
    |ap_done    |    9|          2|    1|          2|
    |control    |    9|          2|   15|         30|
    |return_r   |    9|          2|   32|         64|
    +-----------+-----+-----------+-----+-----------+
    |Total      |  172|         38|   49|        128|
    +-----------+-----+-----------+-----+-----------+

    * Register: 
    +-----------------+----+----+-----+-----------+
    |       Name      | FF | LUT| Bits| Const Bits|
    +-----------------+----+----+-----+-----------+
    |ap_CS_fsm        |  31|   0|   31|          0|
    |ap_done_reg      |   1|   0|    1|          0|
    |control          |  15|   0|   16|          1|
    |m_reg_119        |  32|   0|   32|          0|
    |mod_r            |  16|   0|   16|          0|
    |return_r_preg    |  32|   0|   32|          0|
    |tmp_1_i_reg_124  |  32|   0|   32|          0|
    |tmp_i_reg_114    |  32|   0|   32|          0|
    +-----------------+----+----+-----+-----------+
    |Total            | 191|   0|  192|          1|
    +-----------------+----+----+-----+-----------+



================================================================
== Interface
================================================================
* Summary: 
+-----------------+-----+-----+------------+---------------------+--------------+
|    RTL Ports    | Dir | Bits|  Protocol  |    Source Object    |    C Type    |
+-----------------+-----+-----+------------+---------------------+--------------+
|ap_clk           |  in |    1| ap_ctrl_hs | tremolo_calculation | return value |
|ap_rst           |  in |    1| ap_ctrl_hs | tremolo_calculation | return value |
|ap_start         |  in |    1| ap_ctrl_hs | tremolo_calculation | return value |
|ap_done          | out |    1| ap_ctrl_hs | tremolo_calculation | return value |
|ap_continue      |  in |    1| ap_ctrl_hs | tremolo_calculation | return value |
|ap_idle          | out |    1| ap_ctrl_hs | tremolo_calculation | return value |
|ap_ready         | out |    1| ap_ctrl_hs | tremolo_calculation | return value |
|return_r         | out |   32|   ap_vld   |       return_r      |    pointer   |
|return_r_ap_vld  | out |    1|   ap_vld   |       return_r      |    pointer   |
|xin              |  in |   32|   ap_none  |         xin         |    scalar    |
+-----------------+-----+-----+------------+---------------------+--------------+

